[codeskdhaka.com/html/armado-prev/armado/index.html]
[backblue.gif]
[fade.gif]
[index.html]
[codeskdhaka.com/html/armado-prev/armado/assets/img/favicon.png]
[codeskdhaka.com/html/armado-prev/armado/assets/css/preloader.css]
[codeskdhaka.com/html/armado-prev/armado/assets/css/bootstrap.css]
[codeskdhaka.com/html/armado-prev/armado/assets/css/meanmenu.css]
[codeskdhaka.com/html/armado-prev/armado/assets/css/animate.min.css]
[codeskdhaka.com/html/armado-prev/armado/assets/css/swiper-bundle.css]
[codeskdhaka.com/html/armado-prev/armado/assets/css/backToTop.css]
[codeskdhaka.com/html/armado-prev/armado/assets/css/magnific-popup.css]
[codeskdhaka.com/html/armado-prev/armado/assets/css/nice-select.css]
[codeskdhaka.com/html/armado-prev/armado/assets/css/fontAwesome5Pro.css]
[codeskdhaka.com/html/armado-prev/armado/assets/css/flaticon.css]
[codeskdhaka.com/html/armado-prev/armado/assets/css/slick.css]
[codeskdhaka.com/html/armado-prev/armado/assets/css/odometer.css]
[codeskdhaka.com/html/armado-prev/armado/assets/css/default.css]
[codeskdhaka.com/html/armado-prev/armado/assets/img/logo/logo.png]
[codeskdhaka.com/html/armado-prev/armado/assets/css/style.css]
[codeskdhaka.com/html/armado-prev/armado/index-2.html]
[codeskdhaka.com/html/armado-prev/armado/index-3.html]
[codeskdhaka.com/html/armado-prev/armado/about.html]
[codeskdhaka.com/html/armado-prev/armado/services.html]
[codeskdhaka.com/html/armado-prev/armado/service-details.html]
[codeskdhaka.com/html/armado-prev/armado/gallery.html]
[codeskdhaka.com/html/armado-prev/armado/team.html]
[codeskdhaka.com/html/armado-prev/armado/team-details.html]
[codeskdhaka.com/html/armado-prev/armado/pricing.html]
[codeskdhaka.com/html/armado-prev/armado/donation.html]
[codeskdhaka.com/html/armado-prev/armado/faq.html]
[codeskdhaka.com/html/armado-prev/armado/error-404.html]
[codeskdhaka.com/html/armado-prev/armado/blog.html]
[codeskdhaka.com/html/armado-prev/armado/blog-2.html]
[codeskdhaka.com/html/armado-prev/armado/blog-details.html]
[codeskdhaka.com/html/armado-prev/armado/elements-accordion.html]
[codeskdhaka.com/html/armado-prev/armado/elements-blog.html]
[codeskdhaka.com/html/armado-prev/armado/elements-button.html]
[codeskdhaka.com/html/armado-prev/armado/elements-client.html]
[codeskdhaka.com/html/armado-prev/armado/elements-counter.html]
[codeskdhaka.com/html/armado-prev/armado/elements-cta.html]
[codeskdhaka.com/html/armado-prev/armado/elements-footer.html]
[codeskdhaka.com/html/armado-prev/armado/elements-form.html]
[codeskdhaka.com/html/armado-prev/armado/elements-gallery.html]
[codeskdhaka.com/html/armado-prev/armado/elements-newsletter.html]
[codeskdhaka.com/html/armado-prev/armado/elements-pagination.html]
[codeskdhaka.com/html/armado-prev/armado/elements-table.html]
[codeskdhaka.com/html/armado-prev/armado/elements-team.html]
[codeskdhaka.com/html/armado-prev/armado/elements-testimonial.html]
[codeskdhaka.com/html/armado-prev/armado/elements-video.html]
[codeskdhaka.com/html/armado-prev/armado/contact.html]
[codeskdhaka.com/html/armado-prev/armado/assets/img/icons/side-toggle.png]
[codeskdhaka.com/html/armado-prev/armado/assets/img/logo/logo-dark.png]
[codeskdhaka.com/html/armado-prev/armado/assets/img/bg/offset-bg.jpg]
[codeskdhaka.com/html/armado-prev/armado/assets/img/logo/logo-white.png]
[codeskdhaka.com/html/armado-prev/armado/assets/img/banner/banner-1-1.jpg]
[codeskdhaka.com/html/armado-prev/armado/assets/img/shape/shape-1.png]
[codeskdhaka.com/html/armado-prev/armado/assets/img/shape/shape-2.png]
[codeskdhaka.com/html/armado-prev/armado/assets/img/shape/shape-4.png]
[codeskdhaka.com/html/armado-prev/armado/assets/img/banner/banner-1-2.jpg]
[codeskdhaka.com/html/armado-prev/armado/assets/img/banner/banner-1-3.jpg]
[codeskdhaka.com/html/armado-prev/armado/assets/img/shape/shape-5.png]
[codeskdhaka.com/html/armado-prev/armado/assets/img/icons/icon-2/frame.png]
[codeskdhaka.com/html/armado-prev/armado/assets/img/shape/activity/framimg-1.png]
[codeskdhaka.com/html/armado-prev/armado/assets/img/gallery/navy/gallery1.jpg]
[codeskdhaka.com/html/armado-prev/armado/assets/img/shape/round-1.png]
[codeskdhaka.com/html/armado-prev/armado/assets/img/facility/img-1.jpg]
[codeskdhaka.com/html/armado-prev/armado/assets/img/gallery/air-force/gallery3.jpg]
[codeskdhaka.com/html/armado-prev/armado/assets/img/gallery/police/gallery4.jpg]
[codeskdhaka.com/html/armado-prev/armado/assets/img/shape/x-frame.png]
[codeskdhaka.com/html/armado-prev/armado/assets/img/about/img-2.png]
[codeskdhaka.com/html/armado-prev/armado/assets/img/about/img-1.jpg]
[codeskdhaka.com/html/armado-prev/armado/assets/img/shape/round-2.png]
[codeskdhaka.com/html/armado-prev/armado/assets/img/shape/scratched-shape.png]
[codeskdhaka.com/html/armado-prev/armado/assets/img/bg/img-1.png]
[codeskdhaka.com/html/armado-prev/armado/assets/img/shape/service/img-1.png]
[codeskdhaka.com/html/armado-prev/armado/assets/img/service/img-1.png]
[codeskdhaka.com/html/armado-prev/armado/assets/img/service/img-2.png]
[codeskdhaka.com/html/armado-prev/armado/assets/img/service/img-3.png]
[codeskdhaka.com/html/armado-prev/armado/assets/img/shape/radius-border.png]
[codeskdhaka.com/html/armado-prev/armado/assets/img/bg/donation-parallax.jpg]
[codeskdhaka.com/html/armado-prev/armado/assets/img/shape/circle.png]
[codeskdhaka.com/html/armado-prev/armado/assets/img/bg/img-3.png]
[codeskdhaka.com/html/armado-prev/armado/assets/img/shape/frame-3.png]
[codeskdhaka.com/html/armado-prev/armado/assets/img/news/img-1.jpg]
[codeskdhaka.com/html/armado-prev/armado/assets/img/news/img-2.jpg]
[codeskdhaka.com/html/armado-prev/armado/assets/img/bg/form-parallax.jpg]
[codeskdhaka.com/html/armado-prev/armado/assets/img/shape/shape-slice-circle-3.png]
[codeskdhaka.com/html/armado-prev/armado/assets/img/brand/img-1.png]
[codeskdhaka.com/html/armado-prev/armado/assets/img/brand/img-2.png]
[codeskdhaka.com/html/armado-prev/armado/assets/img/brand/img-3.png]
[codeskdhaka.com/html/armado-prev/armado/assets/img/brand/img-4.png]
[codeskdhaka.com/html/armado-prev/armado/assets/img/brand/img-5.png]
[codeskdhaka.com/html/armado-prev/armado/assets/img/shape/footer/img-2.png]
[codeskdhaka.com/html/armado-prev/armado/assets/img/shape/footer/img-1.png]
[codeskdhaka.com/html/armado-prev/armado/assets/img/blog/blog-5.jpg]
[codeskdhaka.com/html/armado-prev/armado/assets/img/blog/blog-6.jpg]
[codeskdhaka.com/html/armado-prev/armado/assets/js/vendor/jquery-3.6.0.min.js]
[codeskdhaka.com/html/armado-prev/armado/assets/js/vendor/waypoints.min.js]
[codeskdhaka.com/html/armado-prev/armado/assets/js/bootstrap.bundle.min.js]
[codeskdhaka.com/html/armado-prev/armado/assets/js/meanmenu.js]
[codeskdhaka.com/html/armado-prev/armado/assets/js/swiper-bundle.min.js]
[codeskdhaka.com/html/armado-prev/armado/assets/js/magnific-popup.min.js]
[codeskdhaka.com/html/armado-prev/armado/assets/js/backToTop.js]
[codeskdhaka.com/html/armado-prev/armado/assets/js/nice-select.min.js]
[codeskdhaka.com/html/armado-prev/armado/assets/js/ajax-form.js]
[codeskdhaka.com/html/armado-prev/armado/assets/js/wow.min.js]
[codeskdhaka.com/html/armado-prev/armado/assets/js/isotope.pkgd.min.js]
[codeskdhaka.com/html/armado-prev/armado/assets/js/imagesloaded.pkgd.min.js]
[codeskdhaka.com/html/armado-prev/armado/assets/js/jquery.appear.js]
[codeskdhaka.com/html/armado-prev/armado/assets/js/jquery.odometer.min.js]
[codeskdhaka.com/html/armado-prev/armado/assets/js/slick.min.js]
[codeskdhaka.com/html/armado-prev/armado/assets/js/js_circle-progress.min.js]
[codeskdhaka.com/html/armado-prev/armado/assets/js/main.js]
[codeskdhaka.com/html/armado-prev/armado/index.html]
[codeskdhaka.com/html/armado-prev/armado/assets/css/preloader.css]
[codeskdhaka.com/html/armado-prev/armado/assets/css/bootstrap.css]
[codeskdhaka.com/html/armado-prev/armado/assets/css/meanmenu.css]
[codeskdhaka.com/html/armado-prev/armado/assets/css/animate.min.css]
[codeskdhaka.com/html/armado-prev/armado/assets/css/swiper-bundle.css]
[codeskdhaka.com/html/armado-prev/armado/assets/css/backToTop.css]
[codeskdhaka.com/html/armado-prev/armado/assets/css/magnific-popup.css]
[codeskdhaka.com/html/armado-prev/armado/assets/css/nice-select.css]
[codeskdhaka.com/html/armado-prev/armado/assets/fonts/fa-brands-400.eot]
[codeskdhaka.com/html/armado-prev/armado/assets/fonts/fa-brands-400d41d.eot]
[codeskdhaka.com/html/armado-prev/armado/assets/fonts/fa-brands-400.woff2]
[codeskdhaka.com/html/armado-prev/armado/assets/fonts/fa-brands-400.woff]
[codeskdhaka.com/html/armado-prev/armado/assets/fonts/fa-brands-400.ttf]
[codeskdhaka.com/html/armado-prev/armado/assets/fonts/fa-duotone-900.eot]
[codeskdhaka.com/html/armado-prev/armado/assets/fonts/fa-duotone-900d41d.eot]
[codeskdhaka.com/html/armado-prev/armado/assets/fonts/fa-duotone-900.woff2]
[codeskdhaka.com/html/armado-prev/armado/assets/fonts/fa-brands-400.svg]
[codeskdhaka.com/html/armado-prev/armado/assets/fonts/fa-duotone-900.woff]
[codeskdhaka.com/html/armado-prev/armado/assets/fonts/fa-light-300.eot]
[codeskdhaka.com/html/armado-prev/armado/assets/fonts/fa-light-300d41d.eot]
[codeskdhaka.com/html/armado-prev/armado/assets/fonts/fa-light-300.woff2]
[codeskdhaka.com/html/armado-prev/armado/assets/fonts/fa-light-300.woff]
[codeskdhaka.com/html/armado-prev/armado/assets/fonts/fa-duotone-900.ttf]
[codeskdhaka.com/html/armado-prev/armado/assets/fonts/fa-light-300.svg]
[codeskdhaka.com/html/armado-prev/armado/assets/fonts/fa-duotone-900.svg]
[codeskdhaka.com/html/armado-prev/armado/assets/fonts/fa-regular-400.woff2]
[codeskdhaka.com/html/armado-prev/armado/assets/fonts/fa-regular-400d41d.eot]
[codeskdhaka.com/html/armado-prev/armado/assets/fonts/fa-light-300.ttf]
[codeskdhaka.com/html/armado-prev/armado/assets/fonts/fa-regular-400.woff]
[codeskdhaka.com/html/armado-prev/armado/assets/fonts/fa-solid-900.eot]
[codeskdhaka.com/html/armado-prev/armado/assets/fonts/fa-regular-400.eot]
[codeskdhaka.com/html/armado-prev/armado/assets/fonts/fa-solid-900d41d.eot]
[codeskdhaka.com/html/armado-prev/armado/assets/fonts/fa-regular-400.svg]
[codeskdhaka.com/html/armado-prev/armado/assets/fonts/fa-solid-900.woff2]
[codeskdhaka.com/html/armado-prev/armado/assets/fonts/fa-solid-900.woff]
[codeskdhaka.com/html/armado-prev/armado/assets/fonts/fa-solid-900.ttf]
[codeskdhaka.com/html/armado-prev/armado/assets/fonts/fa-regular-400.ttf]
[codeskdhaka.com/html/armado-prev/armado/assets/css/fontAwesome5Pro.css]
[codeskdhaka.com/html/armado-prev/armado/assets/fonts/flaticon_armado_-_militery_service_themeset4286.ttf]
[codeskdhaka.com/html/armado-prev/armado/assets/fonts/fa-solid-900.svg]
[codeskdhaka.com/html/armado-prev/armado/assets/fonts/flaticon_armado_-_militery_service_themeset4286.woff]
[codeskdhaka.com/html/armado-prev/armado/assets/fonts/flaticon_armado_-_militery_service_themeset4286.woff2]
[codeskdhaka.com/html/armado-prev/armado/assets/fonts/flaticon_armado_-_militery_service_themeset4286.eot]
[codeskdhaka.com/html/armado-prev/armado/assets/css/flaticon.css]
[codeskdhaka.com/html/armado-prev/armado/assets/css/slick.css]
[codeskdhaka.com/html/armado-prev/armado/assets/css/odometer.css]
[codeskdhaka.com/html/armado-prev/armado/assets/css/default.css]
[codeskdhaka.com/html/armado-prev/armado/assets/fonts/flaticon_armado_-_militery_service_themeset4286.svg]
[codeskdhaka.com/html/armado-prev/armado/assets/img/bg/noise.png]
[codeskdhaka.com/html/armado-prev/armado/assets/css/style.css]
[codeskdhaka.com/html/armado-prev/armado/assets/img/logo/armado-ct-logo.png]
[codeskdhaka.com/html/armado-prev/armado/assets/img/bg/menu-bg.jpg]
[codeskdhaka.com/html/armado-prev/armado/assets/img/bg/bg-smoke.png]
[codeskdhaka.com/html/armado-prev/armado/assets/img/banner/banner-protec-img-1.jpg]
[codeskdhaka.com/html/armado-prev/armado/assets/img/banner/banner-protec-img-2.jpg]
[codeskdhaka.com/html/armado-prev/armado/assets/img/banner/banner-protec-img-3.png]
[codeskdhaka.com/html/armado-prev/armado/assets/img/shape/arrow-curve.png]
[codeskdhaka.com/html/armado-prev/armado/assets/img/shape/arrow-curve-2.png]
[codeskdhaka.com/html/armado-prev/armado/assets/img/blog/blog-7.jpg]
[codeskdhaka.com/html/armado-prev/armado/assets/img/shape/play-btn-text.jpg]
[codeskdhaka.com/html/armado-prev/armado/assets/img/about/about-protection-thumb.jpg]
[codeskdhaka.com/html/armado-prev/armado/assets/img/shape/zip-line.png]
[codeskdhaka.com/html/armado-prev/armado/assets/img/shape/shape-slice-circle.png]
[codeskdhaka.com/html/armado-prev/armado/assets/img/bg/what-we-do.png]
[codeskdhaka.com/html/armado-prev/armado/assets/img/about/activity-thumb.jpg]
[codeskdhaka.com/html/armado-prev/armado/assets/img/about/activity-2.jpg]
[codeskdhaka.com/html/armado-prev/armado/assets/img/shape/star-leaf.png]
[codeskdhaka.com/html/armado-prev/armado/assets/img/bg/service-bg.jpg]
[codeskdhaka.com/html/armado-prev/armado/assets/img/service/service7.jpg]
[codeskdhaka.com/html/armado-prev/armado/assets/img/service/service12.jpg]
[codeskdhaka.com/html/armado-prev/armado/assets/img/service/service8.jpg]
[codeskdhaka.com/html/armado-prev/armado/assets/img/shape/circle-2.png]
[codeskdhaka.com/html/armado-prev/armado/assets/img/bg/security-guard.jpg]
[codeskdhaka.com/html/armado-prev/armado/assets/img/team/team-1.png]
[codeskdhaka.com/html/armado-prev/armado/assets/img/team/team-2.png]
[codeskdhaka.com/html/armado-prev/armado/assets/img/team/team-3.png]
[codeskdhaka.com/html/armado-prev/armado/assets/img/facility/img-3.jpg]
[codeskdhaka.com/html/armado-prev/armado/assets/img/team/team-m-2.jpg]
[codeskdhaka.com/html/armado-prev/armado/assets/img/team/team-m-1.jpg]
[codeskdhaka.com/html/armado-prev/armado/assets/img/blog/blog-11.jpg]
[codeskdhaka.com/html/armado-prev/armado/assets/img/blog/blog-3.jpg]
[codeskdhaka.com/html/armado-prev/armado/assets/img/shape/shape-slice-circle-2.png]
[codeskdhaka.com/html/armado-prev/armado/index-2.html]
[codeskdhaka.com/html/armado-prev/armado/assets/video/home-3-slide-1.mp4]
[codeskdhaka.com/html/armado-prev/armado/assets/img/shape/cube-shape-2.png]
[codeskdhaka.com/html/armado-prev/armado/assets/img/shape/cube-shape.png]
[codeskdhaka.com/html/armado-prev/armado/assets/img/shape/border-dot.png]
[codeskdhaka.com/html/armado-prev/armado/assets/img/shape/square-route.png]
[codeskdhaka.com/html/armado-prev/armado/assets/img/banner/banner-3-2.jpg]
[codeskdhaka.com/html/armado-prev/armado/assets/img/banner/banner-3-3.jpg]
[codeskdhaka.com/html/armado-prev/armado/assets/img/service/service13.jpg]
[codeskdhaka.com/html/armado-prev/armado/assets/img/service/service11.jpg]
[codeskdhaka.com/html/armado-prev/armado/assets/img/service/service14.jpg]
[codeskdhaka.com/html/armado-prev/armado/assets/img/service/service15.jpg]
[codeskdhaka.com/html/armado-prev/armado/assets/img/service/service16.jpg]
[codeskdhaka.com/html/armado-prev/armado/assets/img/shape/fire-extinguiser.png]
[codeskdhaka.com/html/armado-prev/armado/assets/img/about/about-thumb-3-1.jpg]
[codeskdhaka.com/html/armado-prev/armado/assets/img/about/about-thumb-3-2.jpg]
[codeskdhaka.com/html/armado-prev/armado/assets/img/about/about-thumb-3-3.png]
[codeskdhaka.com/html/armado-prev/armado/assets/img/service/service9.jpg]
[codeskdhaka.com/html/armado-prev/armado/assets/img/service/service10.jpg]
[codeskdhaka.com/html/armado-prev/armado/assets/img/bg/team.jpg]
[codeskdhaka.com/html/armado-prev/armado/assets/img/team/team-4.jpg]
[codeskdhaka.com/html/armado-prev/armado/assets/img/team/team-5.jpg]
[codeskdhaka.com/html/armado-prev/armado/assets/img/team/team-6.jpg]
[codeskdhaka.com/html/armado-prev/armado/assets/img/team/team-7.jpg]
[codeskdhaka.com/html/armado-prev/armado/assets/img/team/team-8.jpg]
[codeskdhaka.com/html/armado-prev/armado/assets/img/shape/arrow-curve-cl-2.png]
[codeskdhaka.com/html/armado-prev/armado/assets/img/facility/img-2.jpg]
[codeskdhaka.com/html/armado-prev/armado/assets/img/bg/testimonial-bg.png]
[codeskdhaka.com/html/armado-prev/armado/assets/img/testimonial/test-thumb-1.png]
[codeskdhaka.com/html/armado-prev/armado/assets/img/testimonial/test-thumb-2.png]
[codeskdhaka.com/html/armado-prev/armado/assets/img/testimonial/test-thumb-3.png]
[codeskdhaka.com/html/armado-prev/armado/assets/img/operations/operation-1.jpg]
[codeskdhaka.com/html/armado-prev/armado/assets/img/operations/operation-2.jpg]
[codeskdhaka.com/html/armado-prev/armado/assets/img/operations/operation-3.jpg]
[codeskdhaka.com/html/armado-prev/armado/assets/img/operations/operation-4.jpg]
[codeskdhaka.com/html/armado-prev/armado/assets/img/operations/operation-5.jpg]
[codeskdhaka.com/html/armado-prev/armado/assets/img/shape/circle-white.png]
[codeskdhaka.com/html/armado-prev/armado/assets/img/blog/blog-group-thumb.jpg]
[codeskdhaka.com/html/armado-prev/armado/assets/img/blog/blog-group-thumb-2.jpg]
[codeskdhaka.com/html/armado-prev/armado/assets/img/blog/blog-group-thumb-3.jpg]
[codeskdhaka.com/html/armado-prev/armado/assets/img/bg/footer2-bg.jpg]
[codeskdhaka.com/html/armado-prev/armado/index-3.html]
[codeskdhaka.com/html/armado-prev/armado/assets/img/bg/page-title-bg.jpg]
[codeskdhaka.com/html/armado-prev/armado/assets/img/bg/footer1-bg.jpg]
[codeskdhaka.com/html/armado-prev/armado/about.html]
[codeskdhaka.com/html/armado-prev/armado/assets/img/service/service1.jpg]
[codeskdhaka.com/html/armado-prev/armado/assets/img/shape/service-post-shape.png]
[codeskdhaka.com/html/armado-prev/armado/assets/img/service/service2.jpg]
[codeskdhaka.com/html/armado-prev/armado/assets/img/service/service3.jpg]
[codeskdhaka.com/html/armado-prev/armado/assets/img/service/service4.jpg]
[codeskdhaka.com/html/armado-prev/armado/assets/img/service/service5.jpg]
[codeskdhaka.com/html/armado-prev/armado/assets/img/service/service6.jpg]
[codeskdhaka.com/html/armado-prev/armado/assets/img/feature/feature1.jpg]
[codeskdhaka.com/html/armado-prev/armado/assets/img/feature/feature2.jpg]
[codeskdhaka.com/html/armado-prev/armado/assets/img/feature/feature3.jpg]
[codeskdhaka.com/html/armado-prev/armado/services.html]
[codeskdhaka.com/html/armado-prev/armado/assets/img/service/details-main-1.jpg]
[codeskdhaka.com/html/armado-prev/armado/assets/img/bg/sidebar-cta-bg.jpg]
[codeskdhaka.com/html/armado-prev/armado/service-details.html]
[codeskdhaka.com/html/armado-prev/armado/assets/img/video/video-thumb1.jpg]
[codeskdhaka.com/html/armado-prev/armado/assets/img/video/video-thumb3.jpg]
[codeskdhaka.com/html/armado-prev/armado/assets/img/gallery/army/gallery1.jpg]
[codeskdhaka.com/html/armado-prev/armado/assets/img/gallery/army/gallery2.jpg]
[codeskdhaka.com/html/armado-prev/armado/assets/img/gallery/army/gallery3.jpg]
[codeskdhaka.com/html/armado-prev/armado/assets/img/gallery/army/gallery4.jpg]
[codeskdhaka.com/html/armado-prev/armado/assets/img/gallery/army/gallery5.jpg]
[codeskdhaka.com/html/armado-prev/armado/assets/img/gallery/army/gallery6.jpg]
[codeskdhaka.com/html/armado-prev/armado/assets/img/gallery/army/gallery7.jpg]
[codeskdhaka.com/html/armado-prev/armado/assets/img/gallery/army/gallery8.jpg]
[codeskdhaka.com/html/armado-prev/armado/assets/img/gallery/navy/gallery2.jpg]
[codeskdhaka.com/html/armado-prev/armado/assets/img/gallery/navy/gallery3.jpg]
[codeskdhaka.com/html/armado-prev/armado/assets/img/gallery/navy/gallery4.jpg]
[codeskdhaka.com/html/armado-prev/armado/assets/img/gallery/navy/gallery5.jpg]
[codeskdhaka.com/html/armado-prev/armado/assets/img/gallery/navy/gallery6.jpg]
[codeskdhaka.com/html/armado-prev/armado/assets/img/gallery/navy/gallery7.jpg]
[codeskdhaka.com/html/armado-prev/armado/assets/img/gallery/police/gallery1.jpg]
[codeskdhaka.com/html/armado-prev/armado/assets/img/gallery/police/gallery2.jpg]
[codeskdhaka.com/html/armado-prev/armado/assets/img/gallery/police/gallery3.jpg]
[codeskdhaka.com/html/armado-prev/armado/assets/img/gallery/police/gallery5.jpg]
[codeskdhaka.com/html/armado-prev/armado/assets/img/gallery/police/gallery6.jpg]
[codeskdhaka.com/html/armado-prev/armado/assets/img/gallery/air-force/gallery1.jpg]
[codeskdhaka.com/html/armado-prev/armado/assets/img/gallery/air-force/gallery2.jpg]
[codeskdhaka.com/html/armado-prev/armado/assets/img/gallery/air-force/gallery4.jpg]
[codeskdhaka.com/html/armado-prev/armado/assets/img/gallery/air-force/gallery5.jpg]
[codeskdhaka.com/html/armado-prev/armado/assets/img/gallery/air-force/gallery6.jpg]
[codeskdhaka.com/html/armado-prev/armado/assets/img/gallery/air-force/gallery7.jpg]
[codeskdhaka.com/html/armado-prev/armado/assets/img/gallery/air-force/gallery8.jpg]
[codeskdhaka.com/html/armado-prev/armado/assets/img/gallery/fire/gallery1.jpg]
[codeskdhaka.com/html/armado-prev/armado/assets/img/gallery/fire/gallery2.jpg]
[codeskdhaka.com/html/armado-prev/armado/assets/img/gallery/fire/gallery3.jpg]
[codeskdhaka.com/html/armado-prev/armado/assets/img/gallery/fire/gallery4.jpg]
[codeskdhaka.com/html/armado-prev/armado/assets/img/gallery/fire/gallery5.jpg]
[codeskdhaka.com/html/armado-prev/armado/assets/img/gallery/fire/gallery6.jpg]
[codeskdhaka.com/html/armado-prev/armado/assets/img/gallery/fire/gallery7.jpg]
[codeskdhaka.com/html/armado-prev/armado/assets/img/gallery/fire/gallery8.jpg]
[codeskdhaka.com/html/armado-prev/armado/gallery.html]
[codeskdhaka.com/html/armado-prev/armado/assets/img/team/team-m-3.jpg]
[codeskdhaka.com/html/armado-prev/armado/assets/img/team/team-m-4.jpg]
[codeskdhaka.com/html/armado-prev/armado/assets/img/team/team-m-5.jpg]
[codeskdhaka.com/html/armado-prev/armado/assets/img/team/team-m-6.jpg]
[codeskdhaka.com/html/armado-prev/armado/assets/img/bg/team-flying.jpg]
[codeskdhaka.com/html/armado-prev/armado/team.html]
[codeskdhaka.com/html/armado-prev/armado/team-details.html]
[codeskdhaka.com/html/armado-prev/armado/pricing.html]
[codeskdhaka.com/html/armado-prev/armado/assets/img/donation/donation-thumb.jpg]
[codeskdhaka.com/html/armado-prev/armado/assets/img/bg/donation-thumb-bg.png]
[codeskdhaka.com/html/armado-prev/armado/assets/img/shape/donation-box.png]
[codeskdhaka.com/html/armado-prev/armado/donation.html]
[codeskdhaka.com/html/armado-prev/armado/assets/img/video/video-thumb2.jpg]
[codeskdhaka.com/html/armado-prev/armado/faq.html]
[codeskdhaka.com/html/armado-prev/armado/assets/img/bg/error-404.png]
[codeskdhaka.com/html/armado-prev/armado/error-404.html]
[codeskdhaka.com/html/armado-prev/armado/assets/img/blog/blog-1.jpg]
[codeskdhaka.com/html/armado-prev/armado/assets/img/blog/blog-2.jpg]
[codeskdhaka.com/html/armado-prev/armado/assets/img/blog/blog-4.jpg]
[codeskdhaka.com/html/armado-prev/armado/assets/img/blog/blog-8.jpg]
[codeskdhaka.com/html/armado-prev/armado/blog.html]
[codeskdhaka.com/html/armado-prev/armado/assets/img/blog/blog-9.jpg]
[codeskdhaka.com/html/armado-prev/armado/assets/img/blog/blog-10.jpg]
[codeskdhaka.com/html/armado-prev/armado/blog-2.html]
[codeskdhaka.com/html/armado-prev/armado/assets/img/blog/blog-sub-1.jpg]
[codeskdhaka.com/html/armado-prev/armado/assets/img/blog/blog-sub-2.jpg]
[codeskdhaka.com/html/armado-prev/armado/assets/img/blog/blog-author.png]
[codeskdhaka.com/html/armado-prev/armado/blog-details.html]
[codeskdhaka.com/html/armado-prev/armado/elements-accordion.html]
[codeskdhaka.com/html/armado-prev/armado/elements-blog.html]
[codeskdhaka.com/html/armado-prev/armado/elements-button.html]
[codeskdhaka.com/html/armado-prev/armado/elements-client.html]
[codeskdhaka.com/html/armado-prev/armado/elements-counter.html]
[codeskdhaka.com/html/armado-prev/armado/elements-cta.html]
[codeskdhaka.com/html/armado-prev/armado/elements-footer.html]
[codeskdhaka.com/html/armado-prev/armado/elements-form.html]
[codeskdhaka.com/html/armado-prev/armado/elements-gallery.html]
[codeskdhaka.com/html/armado-prev/armado/elements-newsletter.html]
[codeskdhaka.com/html/armado-prev/armado/elements-pagination.html]
[codeskdhaka.com/html/armado-prev/armado/elements-table.html]
[codeskdhaka.com/html/armado-prev/armado/elements-team.html]
[codeskdhaka.com/html/armado-prev/armado/elements-testimonial.html]
[codeskdhaka.com/html/armado-prev/armado/elements-video.html]
[codeskdhaka.com/html/armado-prev/armado/contact.html]
[codeskdhaka.com/html/armado-prev/armado/assets/js/vendor/jquery-3.6.0.min.js]
[codeskdhaka.com/html/armado-prev/armado/assets/js/vendor/waypoints.min.js]
[codeskdhaka.com/html/armado-prev/armado/assets/js/bootstrap.bundle.min.js]
[codeskdhaka.com/html/armado-prev/armado/assets/js/meanmenu.js]
[codeskdhaka.com/html/armado-prev/armado/e]
[codeskdhaka.com/html/armado-prev/armado/a.params.url]
[codeskdhaka.com/html/armado-prev/armado/assets/js/swiper-bundle.min.js]
[codeskdhaka.com/html/armado-prev/armado/assets/js/magnific-popup.min.js]
[codeskdhaka.com/html/armado-prev/armado/assets/js/backToTop.js]
[codeskdhaka.com/html/armado-prev/armado/assets/js/nice-select.min.js]
[codeskdhaka.com/html/armado-prev/armado/assets/js/ajax-form.js]
[codeskdhaka.com/html/armado-prev/armado/assets/js/wow.min.js]
[codeskdhaka.com/html/armado-prev/armado/assets/js/isotope.pkgd.min.js]
[codeskdhaka.com/html/armado-prev/armado/assets/js/imagesloaded.pkgd.min.js]
[codeskdhaka.com/html/armado-prev/armado/assets/js/jquery.appear.js]
[codeskdhaka.com/html/armado-prev/armado/assets/js/jquery.odometer.min.js]
[codeskdhaka.com/html/armado-prev/armado/assets/js/slick.min.js]
[codeskdhaka.com/html/armado-prev/armado/assets/js/js_circle-progress.min.js]
[codeskdhaka.com/html/armado-prev/armado/assets/js/main.js]
[codeskdhaka.com/html/armado-prev/armado/assets/css/bootstrap.rtl.css]
[codeskdhaka.com/html/armado-prev/armado/assets/fonts/fa-brands-400.svg]
[codeskdhaka.com/html/armado-prev/armado/assets/fonts/fa-duotone-900.svg]
[codeskdhaka.com/html/armado-prev/armado/assets/fonts/fa-light-300.svg]
[codeskdhaka.com/html/armado-prev/armado/assets/fonts/fa-regular-400.svg]
[codeskdhaka.com/html/armado-prev/armado/assets/fonts/fa-solid-900.svg]
[codeskdhaka.com/html/armado-prev/armado/assets/fonts/flaticon_armado_-_militery_service_themeset4286.svg]
[codeskdhaka.com/html/armado-prev/armado/e.html]
[codeskdhaka.com/html/armado-prev/armado/a.params.html]
[codeskdhaka.com/html/armado-prev/armado/assets/css/bootstrap.rtl.css]
